// Vitest Snapshot v1, https://vitest.dev/guide/snapshot.html

exports[`Register > should match snapshot 1`] = `
<div>
  <div
    class="loginpage"
  >
    <div
      class="auth-card"
    >
      <div
        class="left"
      >
        <div
          class="logo"
        >
          <img
            alt="logo"
            src="/logo.png"
          />
          <span
            class="brand"
          >
            <span
              class="green"
            >
              C
            </span>
            <span
              class="blue"
            >
              o
            </span>
            <span
              class="green"
            >
              n
            </span>
            <span
              class="blue"
            >
              v
            </span>
            <span
              class="green"
            >
              e
            </span>
            <span
              class="blue"
            >
              r
            </span>
            <span
              class="green"
            >
              g
            </span>
            <span
              class="blue"
            >
              e
            </span>
          </span>
        </div>
        <p
          class="subtitle"
        >
          The all-in-one remote work collaboration platform
        </p>
        <form
          class="login-form"
          id="registerForm"
        >
          <div
            class="form-title"
          >
            Create your account
          </div>
          <label
            for="firstName"
          >
            First Name
          </label>
          <input
            id="firstName"
            required=""
            type="text"
            value=""
          />
          <label
            for="lastName"
          >
            Last Name
          </label>
          <input
            id="lastName"
            required=""
            type="text"
            value=""
          />
          <label
            for="username"
          >
            Username
          </label>
          <input
            id="username"
            required=""
            type="text"
            value=""
          />
          <label
            for="email"
          >
            Email
          </label>
          <input
            id="email"
            required=""
            type="email"
            value=""
          />
          <label
            for="password"
          >
            Password
          </label>
          <input
            id="password"
            required=""
            type="password"
            value=""
          />
          <label
            for="confirmPassword"
          >
            Confirm Password
          </label>
          <input
            id="confirmPassword"
            required=""
            type="password"
            value=""
          />
          <button
            class="primary-btn"
            type="submit"
          >
            Send OTP
          </button>
          <div
            class="divider"
          >
            <span>
              or
            </span>
          </div>
          <div
            class="google-container"
            id="googleSignInButton"
          />
          <div
            class="register-line"
          >
            <span
              class="register-text"
            >
              Already have an account?
            </span>
            <button
              class="tab cta-bold"
              type="button"
            >
              LOGIN
            </button>
          </div>
        </form>
        <section
          aria-atomic="false"
          aria-label="Notifications Alt+T"
          aria-live="polite"
          aria-relevant="additions text"
          class="Toastify"
        />
      </div>
      <div
        aria-hidden="true"
        class="right"
      >
        <div
          class="art"
        />
      </div>
    </div>
  </div>
</div>
`;
