// Vitest Snapshot v1, https://vitest.dev/guide/snapshot.html

exports[`ForgotPassword > should match snapshot 1`] = `
<div>
  <div
    class="forgot-password-container"
  >
    <div
      class="forgot-password-card"
    >
      <form
        id="forgotEmailForm"
      >
        <h2
          class="form-title"
        >
          Forgot Password
        </h2>
        <p
          class="form-description"
        >
          Enter your account email to receive an OTP.
        </p>
        <input
          class="form-input"
          placeholder="Email Address"
          required=""
          type="email"
          value=""
        />
        <button
          class="form-button"
          type="submit"
        >
          Send OTP
        </button>
      </form>
    </div>
  </div>
</div>
`;
